Image is 908x497x3
Decode text is Bonsoir
